../Core/Src/game_logic_and_animation.c:79:6:check_collision	24	static
../Core/Src/game_logic_and_animation.c:88:5:calculateYCoordinate	24	static
../Core/Src/game_logic_and_animation.c:98:6:Button_Functionality	8	static
../Core/Src/game_logic_and_animation.c:132:6:Atribute_Update	16	static
../Core/Src/game_logic_and_animation.c:164:6:Update_menu1	72	static
../Core/Src/game_logic_and_animation.c:209:6:Start_menu1	16	static
../Core/Src/game_logic_and_animation.c:240:6:Start_menu2	16	static
../Core/Src/game_logic_and_animation.c:292:6:Update_menu2	24	static
../Core/Src/game_logic_and_animation.c:441:6:Start_menu3	16	static
../Core/Src/game_logic_and_animation.c:464:6:Update_menu3	32	static
../Core/Src/game_logic_and_animation.c:626:6:Menu_change_and_update	8	static
