../Core/Src/main.c:154:6:HAL_UART_TxCpltCallback	24	static
../Core/Src/main.c:165:6:HAL_UART_RxCpltCallback	16	static
../Core/Src/main.c:174:10:crc16	32	static
../Core/Src/main.c:185:6:verify_crc	40	static
../Core/Src/main.c:218:6:FrameRd	16	static
../Core/Src/main.c:265:6:decoding	48	static
../Core/Src/main.c:342:6:parse_and_execute_command	304	static
../Core/Src/main.c:377:6:isNumber	24	static
../Core/Src/main.c:386:5:handleNumber	24	static
../Core/Src/main.c:398:6:isInRange	24	static
../Core/Src/main.c:402:5:custom_strncmp	32	static
../Core/Src/main.c:416:6:value_check	32	static
../Core/Src/main.c:461:6:Commends	56	static
../Core/Src/main.c:601:5:main	8	static
../Core/Src/main.c:667:6:SystemClock_Config	88	static
../Core/Src/main.c:714:13:MX_I2C1_Init	8	static
../Core/Src/main.c:748:13:MX_SPI1_Init	8	static
../Core/Src/main.c:786:13:MX_USART2_UART_Init	8	static
../Core/Src/main.c:819:13:MX_GPIO_Init	48	static
../Core/Src/main.c:885:6:Error_Handler	4	static,ignoring_inline_asm
