../Core/Src/ssd1309.c:15:6:OLED_Reset	8	static
../Core/Src/ssd1309.c:22:6:OLED_WriteCommand	16	static
../Core/Src/ssd1309.c:30:6:OLED_WriteData	16	static
../Core/Src/ssd1309.c:38:6:OLED_Init	8	static
../Core/Src/ssd1309.c:77:6:OLED_DrawPixel	24	static
../Core/Src/ssd1309.c:98:6:OLED_Fill	24	static
../Core/Src/ssd1309.c:114:6:OLED_Clear	8	static
../Core/Src/ssd1309.c:119:6:OLED_TestPattern	16	static
../Core/Src/ssd1309.c:134:6:OLED_PrintImage	24	static
../Core/Src/ssd1309.c:149:6:OLED_PrintSmallImageFromCoords	32	static
../Core/Src/ssd1309.c:182:6:OLED_PrintImageFromCoords	32	static
../Core/Src/ssd1309.c:217:6:OLED_FillRectangle	32	static
